[www.joshuacharow.com/index.html]
[backblue.gif]
[fade.gif]
[index.html]
[assets.squarespace.com/@sqs/polyfiller/1.2.2/legacy.js]
[use.typekit.net/ik/iGgYWQOX7XoHrqRvrwLxt63p_r_81gjnp6sMJQa7FOSfezj2fFHN4UJLFRbh52jhWDmqjDgyjA4RFA93FD93wR4RjDm8wDbkZg7OMkG0jAFu-WsoShFGZAsude80ZkoRdhXCHKoyjamTiY8Djhy8ZYmC-Ao1Oco8if37OcBDOcu8OfG0daZydfu3dYmlSkuDjc]
[assets.squarespace.com/@sqs/polyfiller/1.2.2/modern.js]
[assets.squarespace.com/universal/scripts-compressed/extract-css-runtime-3a49d64b287a02102ec6c-min.en-US.js]
[assets.squarespace.com/universal/scripts-compressed/cldr-resource-pack-83b0e6eb9a2c7557ad4c0-min.en-US.js]
[assets.squarespace.com/universal/scripts-compressed/common-vendors-stable-9b2a74c45b27271fd111d-min.en-US.js]
[assets.squarespace.com/universal/scripts-compressed/extract-css-moment-js-vendor-98bddc81dc37f44faa7b2-min.en-US.js]
[assets.squarespace.com/universal/scripts-compressed/performance-7532c45b5785b33eab5ea-min.en-US.js]
[www.joshuacharow.com/selected-filmsa409]
[static1.squarespace.com/static/sitecss/5dc0aabc5e075022cc5e342d/129/55dccafee4b04b8e0d7b6d4d/61689604418f6925146f2702/962/site.css]
[www.joshuacharow.com/photo.html]
[assets.squarespace.com/universal/scripts-compressed/common-vendors-1ee6d06736c48fc450ed0-min.en-US.js]
[www.joshuacharow.com/info.html]
[www.joshuacharow.com/press.html]
[www.joshuacharow.com/untrapped-the-story-of-lil-baby.html]
[www.joshuacharow.com/time-pool-cleaner.html]
[assets.squarespace.com/universal/scripts-compressed/common-9ec21d4227029e53988ef-min.en-US.js]
[www.joshuacharow.com/chynna-drug-opera-1.html]
[www.joshuacharow.com/aap-mob-always-yams.html]
[www.joshuacharow.com/snipes-summer-22.html]
[www.joshuacharow.com/v-magazine-calvin-royal-iii.html]
[www.joshuacharow.com/v-magazine-anna-sophia-robb-1.html]
[www.joshuacharow.com/red-bull-bc-one.html]
[www.joshuacharow.com/gucci.html]
[www.joshuacharow.com/beth-million-rewind-1.html]
[www.joshuacharow.com/govball.html]
[www.joshuacharow.com/canon-one-one-thousandth.html]
[www.joshuacharow.com/reebok.html]
[www.joshuacharow.com/project-backboard.html]
[www.joshuacharow.com/index.html]
[assets.squarespace.com/universal/images-v6/damask/error-dark.png]
[assets.squarespace.com/universal/images-v6/damask/error-dark@2x.png]
[assets.squarespace.com/universal/images-v6/damask/play-button.png]
[assets.squarespace.com/universal/images-v6/damask/play-button@2x.png]
[static1.squarespace.com/static/ta/55dccaa0e4b0f748d9f6f215/962/scripts/site-bundle.js]
[assets.squarespace.com/universal/images-v6/damask/edit-aviary-light.png]
[assets.squarespace.com/universal/images-v6/damask/edit-aviary-light@2x.png]
[assets.squarespace.com/universal/images-v6/damask/edit-info-light.png]
[assets.squarespace.com/universal/images-v6/damask/edit-info-light@2x.png]
[assets.squarespace.com/universal/images-v6/damask/trash-9-light.png]
[assets.squarespace.com/universal/images-v6/damask/trash-9-light@2x.png]
[assets.squarespace.com/universal/images-v6/damask/trash-9-red.png]
[assets.squarespace.com/universal/images-v6/damask/trash-9-red@2x.png]
[assets.squarespace.com/universal/images-v6/damask/getty-16-light.png]
[assets.squarespace.com/universal/images-v6/damask/getty-32-light.png]
[assets.squarespace.com/universal/images-v6/damask/shopping-cart-16-light.png]
[assets.squarespace.com/universal/images-v6/damask/shopping-cart-32-light.png]
[static1.squarespace.com/universal/images-v6/icons/block-indicator-dark.png]
[static1.squarespace.com/universal/images-v6/icons/block-indicator-dark@2x.png]
[static1.squarespace.com/universal/images-v6/icons/opentable-icons.png]
[static1.squarespace.com/universal/images-v6/icons/icon-searchqueries-20-dark.png]
[static1.squarespace.com/universal/images-v6/icons/icon-searchqueries-20-light.png]
[assets.squarespace.com/universal/images-v6/icons/icon-video-24-light-solid.png]
[static1.squarespace.com/universal/images-v6/damask/image-inside-64-dark.png]
[static1.squarespace.com/universal/images-v6/damask/image-inside-128-dark.png]
[assets.squarespace.com/universal/images-v6/standard/icon_close_7_light.png]
[assets.squarespace.com/universal/images-v6/icons/icon-settings-16-light.png]
[static1.squarespace.com/static/sitecss/5dc0aabc5e075022cc5e342d/129/55dccafee4b04b8e0d7b6d4d/61689604418f6925146f2702/962/site.css]
[www.joshuacharow.com/assets/ui-icons.svg]
[www.joshuacharow.com/photoa409]
[www.joshuacharow.com/commissioned.html]
[www.joshuacharow.com/photo.html]
[www.joshuacharow.com/info.html]
[assets.squarespace.com/universal/scripts-compressed/extract-css-runtime-cf293d3967dd478ecb371-min.en-US.js]
[www.joshuacharow.com/personal.html]
[www.joshuacharow.com/press.html]
[assets.squarespace.com/universal/scripts-compressed/performance-b94e40b5dd7ceb7766f34-min.en-US.js]
[assets.squarespace.com/universal/scripts-compressed/extract-css-runtime-0aa642c5163aa3fd2861b-min.en-US.js]
[images.squarespace-cdn.com/content/v1/5dc0aabc5e075022cc5e342d/1650479231296-8B7PT5R4IJYI4HWHK9G9/LB_PressStills_Colored_V2_1.6.jpg]
[assets.squarespace.com/universal/scripts-compressed/common-vendors-a60ee0c18b2f94b7abb49-min.en-US.js]
[images.squarespace-cdn.com/content/v1/5dc0aabc5e075022cc5e342d/1650384000322-D2YLL3BOLRJVI99JH47M/LB_PressStills_Colored_V2_1.7.1.jpg]
[assets.squarespace.com/universal/scripts-compressed/common-40091a6587d61ede55b1b-min.en-US.js]
[images.squarespace-cdn.com/content/v1/5dc0aabc5e075022cc5e342d/1650383995319-E4D4LHZAR2RPE2OXI7DA/LB_PressStills_Colored_V2_1.9.1.jpg]
[assets.squarespace.com/universal/scripts-compressed/common-99e3ea723e2bddd8c4a2f-min.en-US.js]
[www.joshuacharow.com/untrapped-the-story-of-lil-baby.html]
[images.squarespace-cdn.com/content/v1/5dc0aabc5e075022cc5e342d/1650392956101-FXHMQMW26UIE3L4N2DXJ/Memorial-6.jpg]
[images.squarespace-cdn.com/content/v1/5dc0aabc5e075022cc5e342d/1650392963497-TJMC9NTJTLZFPFL0MEBL/Memorial-11.jpg]
[images.squarespace-cdn.com/content/v1/5dc0aabc5e075022cc5e342d/1650392956025-7OBP2B9GEET9H53NR09G/Memorial-7.jpg]
[images.squarespace-cdn.com/content/v1/5dc0aabc5e075022cc5e342d/1650393047113-J8X7JT9HCKP5HBGY63Q7/Memorial-18.jpg]
[images.squarespace-cdn.com/content/v1/5dc0aabc5e075022cc5e342d/1650392982579-GPV7WTEYM15QA3IT09FY/Memorial-9.jpg]
[images.squarespace-cdn.com/content/v1/5dc0aabc5e075022cc5e342d/1650392973818-JKVOP8JXFXXEYK7KGHCI/Memorial-19.jpg]
[images.squarespace-cdn.com/content/v1/5dc0aabc5e075022cc5e342d/1650393037420-LY7WTWHMOXVF4UCEYEHC/Memorial-1.jpg]
[images.squarespace-cdn.com/content/v1/5dc0aabc5e075022cc5e342d/1650393054109-9S4MHV8WO50IIKRVFTOE/Memorial-22.jpg]
[images.squarespace-cdn.com/content/v1/5dc0aabc5e075022cc5e342d/1650393062617-LOTMJVP3KS2B0D23WYML/Memorial-21.jpg]
[www.joshuacharow.com/time-pool-cleaner.html]
[images.squarespace-cdn.com/content/v1/5dc0aabc5e075022cc5e342d/1645034376420-URCD4ECQYJZRGVUS73EF/Screen+Shot+2022-02-16+at+12.51.37+PM.png]
[images.squarespace-cdn.com/content/v1/5dc0aabc5e075022cc5e342d/1645034376079-T80S739MHN5MVM04HL2S/Screen+Shot+2022-02-16+at+12.52.23+PM.png]
[images.squarespace-cdn.com/content/v1/5dc0aabc5e075022cc5e342d/1645034380751-O5OCA1ZR1X3WNK01E61G/Screen+Shot+2022-02-16+at+12.53.02+PM.png]
[images.squarespace-cdn.com/content/v1/5dc0aabc5e075022cc5e342d/1645034381402-1F7T2RMUBF02VAUPBJ2U/Screen+Shot+2022-02-16+at+12.53.23+PM.png]
[images.squarespace-cdn.com/content/v1/5dc0aabc5e075022cc5e342d/1645034386055-W9GACIDHWJ0XH53MQ581/Screen+Shot+2022-02-16+at+12.54.01+PM.png]
[images.squarespace-cdn.com/content/v1/5dc0aabc5e075022cc5e342d/1645034386648-CSGGP5E463NIMQR2UJ1D/Screen+Shot+2022-02-16+at+12.54.59+PM.png]
[images.squarespace-cdn.com/content/v1/5dc0aabc5e075022cc5e342d/1645034390249-QWKSOZ9E3CFKBAY7B57V/Screen+Shot+2022-02-16+at+12.55.36+PM.png]
[images.squarespace-cdn.com/content/v1/5dc0aabc5e075022cc5e342d/1645034394522-9E38581UKO5593MYO08O/Screen+Shot+2022-02-16+at+12.56.45+PM.png]
[images.squarespace-cdn.com/content/v1/5dc0aabc5e075022cc5e342d/1645034396019-Z9EQK1WSG7DF6RS40HA3/Screen+Shot+2022-02-16+at+12.57.22+PM.png]
[images.squarespace-cdn.com/content/v1/5dc0aabc5e075022cc5e342d/1645034399820-NTVWN1RPL8F3VB4WD21I/Screen+Shot+2022-02-16+at+12.57.58+PM.png]
[images.squarespace-cdn.com/content/v1/5dc0aabc5e075022cc5e342d/1645034400645-4YUOM06VURVV0Q29QJXV/Screen+Shot+2022-02-16+at+12.58.16+PM.png]
[images.squarespace-cdn.com/content/v1/5dc0aabc5e075022cc5e342d/1645034407712-HTHY6BSVPD9VLUYXTF2G/Screen+Shot+2022-02-16+at+12.59.01+PM.png]
[www.joshuacharow.com/chynna-drug-opera-1.html]
[images.squarespace-cdn.com/content/v1/5dc0aabc5e075022cc5e342d/1644958666376-NSN63N52ADF1BMQO8OUA/1_1.1.1.jpg]
[images.squarespace-cdn.com/content/v1/5dc0aabc5e075022cc5e342d/1644958678959-ITMI7M9ZNJLYDRABKMSM/7_1.6.3.jpg]
[images.squarespace-cdn.com/content/v1/5dc0aabc5e075022cc5e342d/1644958692684-N0H31F9B17A5MTL5M3SW/15_1.13.1.jpg]
[images.squarespace-cdn.com/content/v1/5dc0aabc5e075022cc5e342d/1644958679292-HYOHM74COYCZ64ES3W5J/8_1.7.1.jpg]
[images.squarespace-cdn.com/content/v1/5dc0aabc5e075022cc5e342d/1650481015319-54YAZZQ9O4WKOC8D9G6W/Screen+Shot+2022-04-20+at+2.47.19+PM.png]
[images.squarespace-cdn.com/content/v1/5dc0aabc5e075022cc5e342d/1650480983264-6NVNLNNHXHZC7D7QPZDZ/Screen+Shot+2022-04-20+at+2.52.25+PM.png]
[images.squarespace-cdn.com/content/v1/5dc0aabc5e075022cc5e342d/1650481048550-YF2T3K58E3IPXL480NI0/Screen+Shot+2022-04-20+at+2.52.59+PM.png]
[images.squarespace-cdn.com/content/v1/5dc0aabc5e075022cc5e342d/1644958700135-QXMLHEYMKNFGHFLG8Q2H/3_1.3.1.jpg]
[images.squarespace-cdn.com/content/v1/5dc0aabc5e075022cc5e342d/1650481034587-YG6T21T23REOJSINIKLS/Screen+Shot+2022-04-20+at+2.51.37+PM.png]
[www.joshuacharow.com/aap-mob-always-yams.html]
[assets.squarespace.com/universal/scripts-compressed/extract-css-runtime-a4debd0872b18940f3d64-min.en-US.js]
[www.joshuacharow.com/_https_/player.vimeo.com/video/741909359.6cafa2.delayed]
[images.squarespace-cdn.com/content/v1/5dc0aabc5e075022cc5e342d/1663790643945-1WFOELU4ATRWCZIBRT4C/11.png]
[assets.squarespace.com/universal/scripts-compressed/common-vendors-96bc8712c3745d2ebe37e-min.en-US.js]
[images.squarespace-cdn.com/content/v1/5dc0aabc5e075022cc5e342d/1663790635112-UH0UGE1HVTH8NYJYRFB0/15.png]
[assets.squarespace.com/universal/scripts-compressed/common-6d0486e98f3cacaa2e60c-min.en-US.js]
[images.squarespace-cdn.com/content/v1/5dc0aabc5e075022cc5e342d/1663790695926-N6CFBRIKIF1I7GUF7Z36/10.png]
[images.squarespace-cdn.com/content/v1/5dc0aabc5e075022cc5e342d/1663790652185-WE9UM1M9OF303P8TM0ED/14.png]
[images.squarespace-cdn.com/content/v1/5dc0aabc5e075022cc5e342d/1663790678082-CH9HHXZBRD4YN3FYS63Z/Screen+Shot+2022-09-06+at+9.42.23+AM.png]
[images.squarespace-cdn.com/content/v1/5dc0aabc5e075022cc5e342d/1663790682484-3S253TCC0LYRJXB0525U/13.png]
[images.squarespace-cdn.com/content/v1/5dc0aabc5e075022cc5e342d/1663790685938-SWJOZTDLJNIC0VNYO32S/8.png]
[images.squarespace-cdn.com/content/v1/5dc0aabc5e075022cc5e342d/1663790688990-B5UG56H10DH02DH7KZN6/12.png]
[images.squarespace-cdn.com/content/v1/5dc0aabc5e075022cc5e342d/1663790702660-QQIK8OSEOFL8KUMRDSE0/1.png]
[www.joshuacharow.com/snipes-summer-22.html]
[images.squarespace-cdn.com/content/v1/5dc0aabc5e075022cc5e342d/1653328351294-LW45H1YILALGXRUNAHE4/21.jpg]
[images.squarespace-cdn.com/content/v1/5dc0aabc5e075022cc5e342d/1653328416377-XMJPLI2FCXN8ULT00I7L/EDIT+v41.jpg]
[images.squarespace-cdn.com/content/v1/5dc0aabc5e075022cc5e342d/1653328364534-Z79HU13XGIY7C2IXKXNO/31.jpg]
[images.squarespace-cdn.com/content/v1/5dc0aabc5e075022cc5e342d/1653328396452-BCZCU5KO6O06VOS3YD3Z/170.jpg]
[images.squarespace-cdn.com/content/v1/5dc0aabc5e075022cc5e342d/1653328376557-FG45K335ZO4WCN37Y1MN/50.jpg]
[images.squarespace-cdn.com/content/v1/5dc0aabc5e075022cc5e342d/1653328820557-1DSZKCBE0AAVNCIFP4LX/EDI21.jpg]
[images.squarespace-cdn.com/content/v1/5dc0aabc5e075022cc5e342d/1653328403838-JQRPSHM5E16VXD8T6PM7/EDIT+v20.jpg]
[images.squarespace-cdn.com/content/v1/5dc0aabc5e075022cc5e342d/1653328336424-M88KCPJBGE3JIFOIFX36/11.jpg]
[images.squarespace-cdn.com/content/v1/5dc0aabc5e075022cc5e342d/1653328423252-UKRRNOHPAPU51IZURW9S/EDIT+vd0.jpg]
[images.squarespace-cdn.com/content/v1/5dc0aabc5e075022cc5e342d/1653328432551-07N6AG2IHNO2PF6X6TFK/ED21.jpg]
[images.squarespace-cdn.com/content/v1/5dc0aabc5e075022cc5e342d/1653328442861-DG88G8HWL71OFX3F0AR2/EDT+v21.jpg]
[images.squarespace-cdn.com/content/v1/5dc0aabc5e075022cc5e342d/1653328387374-LSLVFZ80O3J90O2SMFAC/60.jpg]
[www.joshuacharow.com/v-magazine-calvin-royal-iii.html]
[images.squarespace-cdn.com/content/v1/5dc0aabc5e075022cc5e342d/1645112112351-2NMXJD4UOKSQCK23FY56/as01.jpg]
[images.squarespace-cdn.com/content/v1/5dc0aabc5e075022cc5e342d/1645112111504-UVYRT6JSPCLDG3NC8ZPS/as02.jpg]
[images.squarespace-cdn.com/content/v1/5dc0aabc5e075022cc5e342d/1645112113780-F2R3GPYJ83BA6Q0XGRU3/as03.jpg]
[images.squarespace-cdn.com/content/v1/5dc0aabc5e075022cc5e342d/1645112130737-C4NLEREX7N425KNQOTVV/as07.jpg]
[images.squarespace-cdn.com/content/v1/5dc0aabc5e075022cc5e342d/1645112117337-8EDVIJISYF95ZFH40OY7/as06.jpg]
[images.squarespace-cdn.com/content/v1/5dc0aabc5e075022cc5e342d/1645112131063-E0BLFUPE8BIODZ1D1ULY/as08.jpg]
[images.squarespace-cdn.com/content/v1/5dc0aabc5e075022cc5e342d/1645112132784-18PW2YBQLB76W04EBCCQ/as09.jpg]
[www.joshuacharow.com/v-magazine-anna-sophia-robb-1.html]
[images.squarespace-cdn.com/content/v1/5dc0aabc5e075022cc5e342d/1649429910871-6MIST1KDOZXKP4RBS3WZ/A001C014_120101_R1EY28.jpg]
[images.squarespace-cdn.com/content/v1/5dc0aabc5e075022cc5e342d/1649429932743-UVUX2PE8TFYBYGWWZ47M/A001C014_120101_R1EY15.jpg]
[images.squarespace-cdn.com/content/v1/5dc0aabc5e075022cc5e342d/1649429893233-KJU4O99ZTTFW2Y1P0ECH/A001C014_120101_R1EY13.jpg]
[images.squarespace-cdn.com/content/v1/5dc0aabc5e075022cc5e342d/1649429879672-LX7OEIVJFKZF8V1JQIU3/A001C014_120101_R1EY03.jpg]
[images.squarespace-cdn.com/content/v1/5dc0aabc5e075022cc5e342d/1649429921152-RPU9I4PI9LXFF4ZOGIIN/A001C014_120101_R1EY01.jpg]
[images.squarespace-cdn.com/content/v1/5dc0aabc5e075022cc5e342d/1649429963904-VHCQRW1WM2VLYWKHCTI8/A001C014_120101_R1EY24.jpg]
[www.joshuacharow.com/red-bull-bc-one.html]
[assets.squarespace.com/universal/scripts-compressed/extract-css-runtime-b257b5ef95dc5970ae5cc-min.en-US.js]
[www.joshuacharow.com/_https_/player.vimeo.com/video/706331778.9504b2.delayed]
[images.squarespace-cdn.com/content/v1/5dc0aabc5e075022cc5e342d/1653326849306-6G6A3IK3Z278QVMIB5HV/Thumbnail1.jpg]
[images.squarespace-cdn.com/content/v1/5dc0aabc5e075022cc5e342d/1653326875598-XLL7SZ1KD4OHOIZOLXZM/21.jpg]
[images.squarespace-cdn.com/content/v1/5dc0aabc5e075022cc5e342d/1653326878740-BQNT5C8RNVKGIIPVWIUQ/30.jpg]
[assets.squarespace.com/universal/scripts-compressed/common-0b980340d63783e71ac47-min.en-US.js]
[images.squarespace-cdn.com/content/v1/5dc0aabc5e075022cc5e342d/1653326886186-MBRLL58RK35FQOXW756B/11_10.jpg]
[images.squarespace-cdn.com/content/v1/5dc0aabc5e075022cc5e342d/1653326929397-OBRHELX3FDZ3MW2KDORE/41.jpg]
[images.squarespace-cdn.com/content/v1/5dc0aabc5e075022cc5e342d/1653326856199-4B1WKFFN19N4EVYV6FMB/61.jpg]
[images.squarespace-cdn.com/content/v1/5dc0aabc5e075022cc5e342d/1653326869229-2JSFCPVL5UJ3AJKRCP9T/81.jpg]
[images.squarespace-cdn.com/content/v1/5dc0aabc5e075022cc5e342d/1653326862793-L0S1XKTRKQK5RZQMXVPG/71.jpg]
[images.squarespace-cdn.com/content/v1/5dc0aabc5e075022cc5e342d/1653326908665-KM73S2L0EA2CIWSX9LD1/10_10.jpg]
[www.joshuacharow.com/gucci.html]
[images.squarespace-cdn.com/content/v1/5dc0aabc5e075022cc5e342d/1644959439109-3D1YDXFJ6II91DMD9NUS/Screen+Shot+2021-05-27+at+11.41.27+AM.png]
[images.squarespace-cdn.com/content/v1/5dc0aabc5e075022cc5e342d/1644959434024-AOY66AT9TLYQDF06HOUM/Screen+Shot+2021-05-27+at+11.40.27+AM.png]
[images.squarespace-cdn.com/content/v1/5dc0aabc5e075022cc5e342d/1644959433217-E92Y5RDZ9XRTNQV1JP8G/Screen+Shot+2021-05-27+at+11.40.43+AM.png]
[images.squarespace-cdn.com/content/v1/5dc0aabc5e075022cc5e342d/1644959418807-VQAU2MBWYQJI0D1I2ZUX/Screen+Shot+2021-05-27+at+11.39.55+AM.png]
[images.squarespace-cdn.com/content/v1/5dc0aabc5e075022cc5e342d/1644959449934-HVVY4JG7R688FB5TE1AA/Screen+Shot+2021-05-27+at+11.41.49+AM.png]
[www.joshuacharow.com/beth-million-rewind-1.html]
[www.joshuacharow.com/_https_/player.vimeo.com/video/304196969.a514c2.delayed]
[www.joshuacharow.com/_https_/vimeo.com/304196969__Gov.a6.delayed]
[www.joshuacharow.com/_https_/vimeo.com/joshcharow__Josh.a7.delayed]
[www.joshuacharow.com/_https_/vimeo.com__Vimeo_/a_._/p__.a8.delayed]
[www.joshuacharow.com/govball.html]
[www.joshuacharow.com/_https_/player.vimeo.com/video/368370819.aa6125.delayed]
[www.joshuacharow.com/canon-one-one-thousandth.html]
[www.joshuacharow.com/_https_/player.vimeo.com/video/430042747.ab14c2.delayed]
[www.joshuacharow.com/_https_/vimeo.com/430042747__CFDA.ac.delayed]
[www.joshuacharow.com/reebok.html]
[www.joshuacharow.com/_https_/player.vimeo.com/video/460586524.aeaf84.delayed]
[www.joshuacharow.com/project-backboard.html]
[images.squarespace-cdn.com/content/v1/5dc0aabc5e075022cc5e342d/1653519038498-DHPMJBGVIL0EMLD3I8N9/DSC07862.jpg]
[images.squarespace-cdn.com/content/v1/5dc0aabc5e075022cc5e342d/1653519050800-2UD5JTU1MQJEBBOLOFGR/DSC07837.jpg]
[images.squarespace-cdn.com/content/v1/5dc0aabc5e075022cc5e342d/1653519056774-6PWVW79ZMDR8HU7IUUEZ/DSC07953.jpg]
[images.squarespace-cdn.com/content/v1/5dc0aabc5e075022cc5e342d/1653519066955-OYN16ZM1BXTHBZGSK438/DSC08534.jpg]
[images.squarespace-cdn.com/content/v1/5dc0aabc5e075022cc5e342d/1653519085100-LSFR9LL8L961IJTT5K0F/DSC08529.jpg]
[images.squarespace-cdn.com/content/v1/5dc0aabc5e075022cc5e342d/1653519108783-JRQUIZYUMTOW5BB9SDPG/DSC08625.jpg]
[images.squarespace-cdn.com/content/v1/5dc0aabc5e075022cc5e342d/1653519121390-MU24Y4WK6MYBE9QIYSXJ/DSC08569.jpg]
[images.squarespace-cdn.com/content/v1/5dc0aabc5e075022cc5e342d/1653519126307-O57PLK4JFW2VMR9Y04YX/DSC08653.jpg]
[images.squarespace-cdn.com/content/v1/5dc0aabc5e075022cc5e342d/1653519132269-TZU8XT6HUUMLC9LB1WUP/DSC08668.jpg]
[images.squarespace-cdn.com/content/v1/5dc0aabc5e075022cc5e342d/1653519762386-Q2HZ4ZABXPWEK2HJ7Y6I/Jackboy-050.jpg]
[images.squarespace-cdn.com/content/v1/5dc0aabc5e075022cc5e342d/1653519794756-04PIXW3XAHDOVY8GXRE2/Jackboy-003.jpg]
[images.squarespace-cdn.com/content/v1/5dc0aabc5e075022cc5e342d/1653519801766-JSJAFYNLV8WTKK0I1PEN/Jackboy-005.jpg]
[images.squarespace-cdn.com/content/v1/5dc0aabc5e075022cc5e342d/1653519809496-IJQOB4OP2PAKV9BO59IN/Jackboy-019.jpg]
[images.squarespace-cdn.com/content/v1/5dc0aabc5e075022cc5e342d/1653519786780-X7YR9P3OX43AY5F1L5CG/8498_CHAROW.jpg]
[images.squarespace-cdn.com/content/v1/5dc0aabc5e075022cc5e342d/1653519775934-H32DN11GQ1DVS9I03Q6H/Jackboy-060.jpg]
[images.squarespace-cdn.com/content/v1/5dc0aabc5e075022cc5e342d/1653519776103-ESWSI2NNGT7D8A545N7X/Jackboy-061.jpg]
[images.squarespace-cdn.com/content/v1/5dc0aabc5e075022cc5e342d/1653519783049-FD0RCDAYZFVSP32V9LY2/Jackboy-063.jpg]
[images.squarespace-cdn.com/content/v1/5dc0aabc5e075022cc5e342d/1653519815480-UIUUUGHC0UU694KWUAKR/Jackboy-025.jpg]
[images.squarespace-cdn.com/content/v1/5dc0aabc5e075022cc5e342d/1653519821243-1AHG615ED1RKQY2D6OWP/Jackboy-072.jpg]
[images.squarespace-cdn.com/content/v1/5dc0aabc5e075022cc5e342d/1653519189048-XU2NGHMA7GNYZE46YHYK/DSC09350.jpg]
[images.squarespace-cdn.com/content/v1/5dc0aabc5e075022cc5e342d/1653519208341-KEY27TRVEY2FCSANAV9I/DSC09338.jpg]
[images.squarespace-cdn.com/content/v1/5dc0aabc5e075022cc5e342d/1653519199671-8VGD6OCNR68XC446762L/DSC09353.jpg]
[images.squarespace-cdn.com/content/v1/5dc0aabc5e075022cc5e342d/1653519199295-08ZZCXNLP6D4DA2BIFO3/DSC09356.jpg]
[images.squarespace-cdn.com/content/v1/5dc0aabc5e075022cc5e342d/1653519221133-CXQL4IPJ6OYJAQMFGHYD/DSC09409.jpg]
[images.squarespace-cdn.com/content/v1/5dc0aabc5e075022cc5e342d/1653520300486-1OLDBXBMCBZBGJZNF7QG/Blu-146.jpg]
[images.squarespace-cdn.com/content/v1/5dc0aabc5e075022cc5e342d/1653520373593-6ES54CJ4JH5L3OARVOHS/Blu-137.jpg]
[images.squarespace-cdn.com/content/v1/5dc0aabc5e075022cc5e342d/1653520390902-H8HJ2BF6X4LL5ZWLJK71/Blu-144.jpg]
[images.squarespace-cdn.com/content/v1/5dc0aabc5e075022cc5e342d/1653520333829-80Z60YMES9UGCL99FH6Q/Blu-30.jpg]
[images.squarespace-cdn.com/content/v1/5dc0aabc5e075022cc5e342d/1653520333748-G175390X6MTFH8BKPEKQ/Blu-31.jpg]
[images.squarespace-cdn.com/content/v1/5dc0aabc5e075022cc5e342d/1653520346534-QP5BXUSA9G0RNBWCOI3Q/Blu-37.jpg]
[images.squarespace-cdn.com/content/v1/5dc0aabc5e075022cc5e342d/1585777829696-8Y05J86SX7I33AZ7AR4Q/12.jpg]
[images.squarespace-cdn.com/content/v1/5dc0aabc5e075022cc5e342d/1585777837438-TJYGO25GB56ZGTK6CHGC/13.jpg]
[images.squarespace-cdn.com/content/v1/5dc0aabc5e075022cc5e342d/1585777841556-QHTG5H46J9J1NLP961FP/15.jpg]
[images.squarespace-cdn.com/content/v1/5dc0aabc5e075022cc5e342d/1585777864282-D16OZK8NIIG99TLBV43K/4.jpg]
[images.squarespace-cdn.com/content/v1/5dc0aabc5e075022cc5e342d/1585777847413-GXMBLXB7LK256422PHDA/7.jpg]
[images.squarespace-cdn.com/content/v1/5dc0aabc5e075022cc5e342d/1585777861552-C5B3YFHYGJPNSHHCJGBG/8.jpg]
[images.squarespace-cdn.com/content/v1/5dc0aabc5e075022cc5e342d/1585782148741-0R8DAMI4JW2T0NFOLRR8/10.jpg]
[images.squarespace-cdn.com/content/v1/5dc0aabc5e075022cc5e342d/1585781198552-N04MYABKCM474DQ7J89C/19.jpg]
[images.squarespace-cdn.com/content/v1/5dc0aabc5e075022cc5e342d/1585781166722-XHQG6Q9MO5YMZG6HMM3D/18.jpg]
[images.squarespace-cdn.com/content/v1/5dc0aabc5e075022cc5e342d/1585777871996-O2SAXW5O079SD7ZPFIGZ/14.jpg]
[images.squarespace-cdn.com/content/v1/5dc0aabc5e075022cc5e342d/1586461157084-GHWK1EC4H1XUQ2FNF7SW/6lack-6.jpg]
[images.squarespace-cdn.com/content/v1/5dc0aabc5e075022cc5e342d/1586461017255-IFIIZT16E0BK9XX904X4/14.jpg]
[images.squarespace-cdn.com/content/v1/5dc0aabc5e075022cc5e342d/1586461170383-ID8U4IELH5CXPBUYFB5H/6lack-3.jpg]
[www.joshuacharow.com/commissioned.html]
[images.squarespace-cdn.com/content/v1/5dc0aabc5e075022cc5e342d/1639762244474-6Z5WWKU7A8W95W1G3LUO/DSC00906.jpg]
[images.squarespace-cdn.com/content/v1/5dc0aabc5e075022cc5e342d/1639762261214-22E9MOCEQUMSOYJFSUUC/DSC00798.jpg]
[images.squarespace-cdn.com/content/v1/5dc0aabc5e075022cc5e342d/1639762223835-3FOMANFI7UY0URDJJFA0/DSC00741.jpg]
[images.squarespace-cdn.com/content/v1/5dc0aabc5e075022cc5e342d/1639763747876-YJ6JMQG8H0R5V1EEP51N/DSC00526.jpg]
[images.squarespace-cdn.com/content/v1/5dc0aabc5e075022cc5e342d/1639762272057-UFVJI9930R7TZ753UYNJ/DSC00948.jpg]
[images.squarespace-cdn.com/content/v1/5dc0aabc5e075022cc5e342d/1639762310340-9RVYCDTT22OS8JM1PIWN/DSC01206.jpg]
[images.squarespace-cdn.com/content/v1/5dc0aabc5e075022cc5e342d/1648231983868-2DTY9KC2WTPB5L9LZEK8/DSC00198.jpg]
[images.squarespace-cdn.com/content/v1/5dc0aabc5e075022cc5e342d/1648232020961-UU1OBC2DOU0LD8YV7ZS0/DSC09744.jpg]
[images.squarespace-cdn.com/content/v1/5dc0aabc5e075022cc5e342d/1648232161932-O99O42JO6NWBBFL3F1IB/DSC09729.jpg]
[images.squarespace-cdn.com/content/v1/5dc0aabc5e075022cc5e342d/1648232056720-R196QD1B520246DH2FX6/DSC09852.jpg]
[images.squarespace-cdn.com/content/v1/5dc0aabc5e075022cc5e342d/1639762344478-N17JVSDVG73JW1DQ4NBL/DSC00750.jpg]
[images.squarespace-cdn.com/content/v1/5dc0aabc5e075022cc5e342d/1639762352355-4KIQXMBFG6JLVEYJVYTW/DSC00723.jpg]
[images.squarespace-cdn.com/content/v1/5dc0aabc5e075022cc5e342d/1639762394889-DJXJZ3Z2DATFLTXFWGV2/DSC00881.jpg]
[images.squarespace-cdn.com/content/v1/5dc0aabc5e075022cc5e342d/1639763647753-12758DFIZPJM86BF6K7S/DSC06312.jpg]
[images.squarespace-cdn.com/content/v1/5dc0aabc5e075022cc5e342d/1639763685612-W9GKPT57Y9A2Q8KXGSJY/DSC06389.jpg]
[images.squarespace-cdn.com/content/v1/5dc0aabc5e075022cc5e342d/1639763698187-2AO1P1TASMH1KS440127/DSC06339.jpg]
[images.squarespace-cdn.com/content/v1/5dc0aabc5e075022cc5e342d/1648232616437-T7HGEHDS4YT41YQ61UPW/DSC07676.jpg]
[images.squarespace-cdn.com/content/v1/5dc0aabc5e075022cc5e342d/1648232642295-ZCLARTVMSGUVPATPQNK9/DSC07614.jpg]
[images.squarespace-cdn.com/content/v1/5dc0aabc5e075022cc5e342d/1648232628822-ZHYYCW75LNXQJGL4MZ8Y/DSC07558.jpg]
[images.squarespace-cdn.com/content/v1/5dc0aabc5e075022cc5e342d/1649368851585-HUHCPL4MOKHQVOOLK19M/DSC01330.jpg]
[images.squarespace-cdn.com/content/v1/5dc0aabc5e075022cc5e342d/1649368863420-9J3F3K6T2W04L4LQS90I/DSC01231.jpg]
[images.squarespace-cdn.com/content/v1/5dc0aabc5e075022cc5e342d/1649368867302-BQFNLIFR602HAA3ETXPP/DSC01379.jpg]
[images.squarespace-cdn.com/content/v1/5dc0aabc5e075022cc5e342d/1649429197053-1YL9UTLTH3P14GNRRJ0R/DSC01410.jpg]
[images.squarespace-cdn.com/content/v1/5dc0aabc5e075022cc5e342d/1648500076722-BMR11GD6G3YJ2E584Z9S/DSC00988.jpg]
[images.squarespace-cdn.com/content/v1/5dc0aabc5e075022cc5e342d/1648500091528-0R8OMPB9BCWFI2YK9MIF/DSC01019.jpg]
[images.squarespace-cdn.com/content/v1/5dc0aabc5e075022cc5e342d/1648500101027-37V789IS9HIGP8W619DQ/DSC00967.jpg]
[images.squarespace-cdn.com/content/v1/5dc0aabc5e075022cc5e342d/1648500024970-J55ACON77D38CZFS1G8C/DSC00693.jpg]
[images.squarespace-cdn.com/content/v1/5dc0aabc5e075022cc5e342d/1648500001159-XIKZZ08VA4CT5IGUG221/DSC00604.jpg]
[images.squarespace-cdn.com/content/v1/5dc0aabc5e075022cc5e342d/1648499966492-GBF8KPN6MFJOVLB7LN9F/DSC00564.jpg]
[images.squarespace-cdn.com/content/v1/5dc0aabc5e075022cc5e342d/1648500049573-OU2GWE4NA0TT0WGLUXRJ/DSC00482.jpg]
[images.squarespace-cdn.com/content/v1/5dc0aabc5e075022cc5e342d/1648500035696-QAB30BQ9HFZBERZ8SUTK/DSC00527.jpg]
[images.squarespace-cdn.com/content/v1/5dc0aabc5e075022cc5e342d/1639758163319-QH18E2Q5B9ARNH7Y9C9G/DSC06422.jpg]
[images.squarespace-cdn.com/content/v1/5dc0aabc5e075022cc5e342d/1639758251155-USRQQ0WRV1YV0VRN2D9N/DSC06586.jpg]
[images.squarespace-cdn.com/content/v1/5dc0aabc5e075022cc5e342d/1639758145722-LIUVFY588J9MHWTNWND0/DSC06463.jpg]
[images.squarespace-cdn.com/content/v1/5dc0aabc5e075022cc5e342d/1639758237004-LXGZ719FEOE7L5JOHWK4/DSC06567.jpg]
[images.squarespace-cdn.com/content/v1/5dc0aabc5e075022cc5e342d/1648232771486-OA9OHMHDJF32UOBIZU96/DSC07067.jpg]
[images.squarespace-cdn.com/content/v1/5dc0aabc5e075022cc5e342d/1648232792048-W5LDH5JC12JZXOMNXSET/DSC07178.jpg]
[images.squarespace-cdn.com/content/v1/5dc0aabc5e075022cc5e342d/1648232801798-IOWO239EGAKA49BK3PX5/DSC07165.jpg]
[images.squarespace-cdn.com/content/v1/5dc0aabc5e075022cc5e342d/1648232809014-52SU91IN0RPBJUCS9AF3/DSC07217.jpg]
[www.joshuacharow.com/personal.html]
[www.joshuacharow.com/_/cdn.embedly.com/widgets/mediaec7e.html]
[www.joshuacharow.com/_/cdn.embedly.com/widgets/mediaa65b.html]
[www.joshuacharow.com/_/cdn.embedly.com/widgets/mediaad8c.html]
[www.joshuacharow.com/_https_/player.vimeo.com/video/4480117713d55.html]
[www.joshuacharow.com/_https_/player.vimeo.com/video/4480117718c08.html]
[www.joshuacharow.com/_https_/player.vimeo.com/video/741909359a08d.html]
[www.joshuacharow.com/_https_/player.vimeo.com/video/741909359afa2.html]
[www.joshuacharow.com/_/cdn.embedly.com/widgets/media58d4.html]
[www.joshuacharow.com/_/cdn.embedly.com/widgets/mediaed6b.html]
[www.joshuacharow.com/_/cdn.embedly.com/widgets/mediaf830.html]
[www.joshuacharow.com/_https_/player.vimeo.com/video/706331778486c.html]
[www.joshuacharow.com/_https_/player.vimeo.com/video/70633177804b2.html]
[www.joshuacharow.com/_/cdn.embedly.com/widgets/media74e8.html]
[www.joshuacharow.com/_https_/player.vimeo.com/video/30419696914c2.html]
[www.joshuacharow.com/_https_/vimeo.com/304196969__Gov.html]
[www.joshuacharow.com/_https_/vimeo.com/joshcharow__Josh.html]
[www.joshuacharow.com/_https_/vimeo.com__Vimeo_/a_._/p__.html]
[www.joshuacharow.com/_https_/player.vimeo.com/video/368370819afbf.html]
[www.joshuacharow.com/_https_/player.vimeo.com/video/3683708196125.html]
[www.joshuacharow.com/_https_/player.vimeo.com/video/43004274714c2.html]
[www.joshuacharow.com/_https_/vimeo.com/430042747__CFDA.html]
[www.joshuacharow.com/_https_/player.vimeo.com/video/460586524ad69.html]
[www.joshuacharow.com/_https_/player.vimeo.com/video/460586524af84.html]
